components/ui/toaster.tsx(3,26): error TS2307: Cannot find module '@/components/hooks/use-toast' or its corresponding type declarations.
components/ui/toaster.tsx(18,31): error TS7031: Binding element 'id' implicitly has an 'any' type.
components/ui/toaster.tsx(18,35): error TS7031: Binding element 'title' implicitly has an 'any' type.
components/ui/toaster.tsx(18,42): error TS7031: Binding element 'description' implicitly has an 'any' type.
components/ui/toaster.tsx(18,55): error TS7031: Binding element 'action' implicitly has an 'any' type.
lib/prisma.ts(1,10): error TS2305: Module '"@prisma/client"' has no exported member 'PrismaClient'.
